
> pickmate-web@0.1.0 test:e2e
> playwright test --reporter=json

{
  "config": {
    "argv": [
      "/opt/homebrew/Cellar/node/26.5.0/bin/node",
      "/Users/ashishsharma/Desktop/KDAG/web/node_modules/.bin/playwright",
      "test",
      "--reporter=json"
    ],
    "configFile": "/Users/ashishsharma/Desktop/KDAG/web/playwright.config.ts",
    "rootDir": "/Users/ashishsharma/Desktop/KDAG/web/tests",
    "failOnFlakyTests": false,
    "forbidOnly": false,
    "fullyParallel": false,
    "globalSetup": null,
    "globalTeardown": null,
    "globalTimeout": 0,
    "grep": {},
    "grepInvert": null,
    "maxFailures": 0,
    "metadata": {
      "actualWorkers": 1
    },
    "preserveOutput": "always",
    "projects": [
      {
        "outputDir": "/Users/ashishsharma/Desktop/KDAG/web/test-results",
        "repeatEach": 1,
        "retries": 0,
        "metadata": {
          "actualWorkers": 1
        },
        "id": "chromium",
        "name": "chromium",
        "testDir": "/Users/ashishsharma/Desktop/KDAG/web/tests",
        "testIgnore": [],
        "testMatch": [
          "**/*.@(spec|test).?(c|m)[jt]s?(x)"
        ],
        "timeout": 30000
      },
      {
        "outputDir": "/Users/ashishsharma/Desktop/KDAG/web/test-results",
        "repeatEach": 1,
        "retries": 0,
        "metadata": {
          "actualWorkers": 1
        },
        "id": "mobile",
        "name": "mobile",
        "testDir": "/Users/ashishsharma/Desktop/KDAG/web/tests",
        "testIgnore": [],
        "testMatch": [
          "**/*.@(spec|test).?(c|m)[jt]s?(x)"
        ],
        "timeout": 30000
      }
    ],
    "quiet": false,
    "reporter": [
      [
        "json"
      ]
    ],
    "reportSlowTests": {
      "max": 5,
      "threshold": 300000
    },
    "shard": null,
    "tags": [],
    "updateSnapshots": "missing",
    "updateSourceMethod": "patch",
    "version": "1.63.0",
    "workers": 1,
    "webServer": null
  },
  "suites": [
    {
      "title": "fixture-session.spec.ts",
      "file": "fixture-session.spec.ts",
      "column": 0,
      "line": 0,
      "specs": [
        {
          "title": "guided picking is readable and requires explicit confirmation before stock changes",
          "ok": true,
          "tags": [],
          "tests": [
            {
              "timeout": 30000,
              "annotations": [],
              "expectedStatus": "passed",
              "projectId": "chromium",
              "projectName": "chromium",
              "results": [
                {
                  "workerIndex": 0,
                  "parallelIndex": 0,
                  "status": "passed",
                  "duration": 2994,
                  "errors": [],
                  "stdout": [],
                  "stderr": [],
                  "retry": 0,
                  "startTime": "2026-09-08T16:06:06.922Z",
                  "annotations": [],
                  "attachments": []
                }
              ],
              "status": "expected"
            }
          ],
          "id": "a6806421ba715dd38263-5d79d240f06e90692a3a",
          "file": "fixture-session.spec.ts",
          "line": 38,
          "column": 1
        },
        {
          "title": "correction during lookup keeps the latest item and session controls work",
          "ok": true,
          "tags": [],
          "tests": [
            {
              "timeout": 30000,
              "annotations": [],
              "expectedStatus": "passed",
              "projectId": "chromium",
              "projectName": "chromium",
              "results": [
                {
                  "workerIndex": 0,
                  "parallelIndex": 0,
                  "status": "passed",
                  "duration": 7268,
                  "errors": [],
                  "stdout": [],
                  "stderr": [],
                  "retry": 0,
                  "startTime": "2026-09-08T16:06:10.551Z",
                  "annotations": [],
                  "attachments": []
                }
              ],
              "status": "expected"
            }
          ],
          "id": "a6806421ba715dd38263-6af9cd4bb2ec417cce8d",
          "file": "fixture-session.spec.ts",
          "line": 91,
          "column": 1
        },
        {
          "title": "slow requests show progress and block duplicate actions",
          "ok": true,
          "tags": [],
          "tests": [
            {
              "timeout": 30000,
              "annotations": [],
              "expectedStatus": "passed",
              "projectId": "chromium",
              "projectName": "chromium",
              "results": [
                {
                  "workerIndex": 0,
                  "parallelIndex": 0,
                  "status": "passed",
                  "duration": 809,
                  "errors": [],
                  "stdout": [],
                  "stderr": [],
                  "retry": 0,
                  "startTime": "2026-09-08T16:06:17.829Z",
                  "annotations": [],
                  "attachments": []
                }
              ],
              "status": "expected"
            }
          ],
          "id": "a6806421ba715dd38263-5e4cc5d390bbc7a2179a",
          "file": "fixture-session.spec.ts",
          "line": 119,
          "column": 1
        },
        {
          "title": "guided picking is readable and requires explicit confirmation before stock changes",
          "ok": true,
          "tags": [],
          "tests": [
            {
              "timeout": 30000,
              "annotations": [],
              "expectedStatus": "passed",
              "projectId": "mobile",
              "projectName": "mobile",
              "results": [
                {
                  "workerIndex": 1,
                  "parallelIndex": 0,
                  "status": "passed",
                  "duration": 2827,
                  "errors": [],
                  "stdout": [],
                  "stderr": [],
                  "retry": 0,
                  "startTime": "2026-09-08T16:06:18.963Z",
                  "annotations": [],
                  "attachments": []
                }
              ],
              "status": "expected"
            }
          ],
          "id": "a6806421ba715dd38263-2973ca4f9935a21461fe",
          "file": "fixture-session.spec.ts",
          "line": 38,
          "column": 1
        },
        {
          "title": "correction during lookup keeps the latest item and session controls work",
          "ok": true,
          "tags": [],
          "tests": [
            {
              "timeout": 30000,
              "annotations": [],
              "expectedStatus": "passed",
              "projectId": "mobile",
              "projectName": "mobile",
              "results": [
                {
                  "workerIndex": 1,
                  "parallelIndex": 0,
                  "status": "passed",
                  "duration": 7062,
                  "errors": [],
                  "stdout": [],
                  "stderr": [],
                  "retry": 0,
                  "startTime": "2026-09-08T16:06:21.957Z",
                  "annotations": [],
                  "attachments": []
                }
              ],
              "status": "expected"
            }
          ],
          "id": "a6806421ba715dd38263-8a6f06679b248ca07003",
          "file": "fixture-session.spec.ts",
          "line": 91,
          "column": 1
        },
        {
          "title": "slow requests show progress and block duplicate actions",
          "ok": true,
          "tags": [],
          "tests": [
            {
              "timeout": 30000,
              "annotations": [],
              "expectedStatus": "passed",
              "projectId": "mobile",
              "projectName": "mobile",
              "results": [
                {
                  "workerIndex": 1,
                  "parallelIndex": 0,
                  "status": "passed",
                  "duration": 772,
                  "errors": [],
                  "stdout": [],
                  "stderr": [],
                  "retry": 0,
                  "startTime": "2026-09-08T16:06:29.025Z",
                  "annotations": [],
                  "attachments": []
                }
              ],
              "status": "expected"
            }
          ],
          "id": "a6806421ba715dd38263-10261e2e47184436e120",
          "file": "fixture-session.spec.ts",
          "line": 119,
          "column": 1
        }
      ]
    }
  ],
  "errors": [],
  "stats": {
    "startTime": "2026-09-08T16:06:05.349Z",
    "duration": 24502.292999999998,
    "expected": 6,
    "skipped": 0,
    "unexpected": 0,
    "flaky": 0
  }
}
